MemTotal:       527701464 kB
MemFree:         2160204 kB
MemAvailable:   80607852 kB
Buffers:           77688 kB
Cached:         79872376 kB
SwapCached:        53172 kB
Active:          6516632 kB
Inactive:       74285448 kB
Active(anon):     426456 kB
Inactive(anon):   435016 kB
Active(file):    6090176 kB
Inactive(file): 73850432 kB
Unevictable:           0 kB
Mlocked:               0 kB
SwapTotal:       4194300 kB
SwapFree:        3171836 kB
Dirty:              2048 kB
Writeback:            12 kB
AnonPages:        817072 kB
Mapped:           175076 kB
Shmem:              9344 kB
KReclaimable:    1927180 kB
Slab:            2935064 kB
SReclaimable:    1927180 kB
SUnreclaim:      1007884 kB
KernelStack:       32128 kB
PageTables:        57896 kB
NFS_Unstable:          0 kB
Bounce:                0 kB
WritebackTmp:          0 kB
CommitLimit:    47844072 kB
Committed_AS:   30966232 kB
VmallocTotal:   13743895347199 kB
VmallocUsed:           0 kB
VmallocChunk:          0 kB
Percpu:            73472 kB
HardwareCorrupted:     0 kB
AnonHugePages:    102400 kB
ShmemHugePages:        0 kB
ShmemPmdMapped:        0 kB
HugePages_Total:       0
HugePages_Free:        0
HugePages_Rsvd:        0
HugePages_Surp:        0
Hugepagesize:       2048 kB
Hugetlb:        440401920 kB
DirectMap4k:     1169104 kB
DirectMap2M:    68687872 kB
DirectMap1G:    2582642688 kB
