MemTotal:       791233872 kB
MemFree:        264339972 kB
MemAvailable:   784497408 kB
Buffers:          552332 kB
Cached:         521931796 kB
SwapCached:        27016 kB
Active:         362062372 kB
Inactive:       160805812 kB
Active(anon):     175636 kB
Inactive(anon):   207608 kB
Active(file):   361886736 kB
Inactive(file): 160598204 kB
Unevictable:           0 kB
Mlocked:               0 kB
SwapTotal:       8388604 kB
SwapFree:        7870480 kB
Dirty:               500 kB
Writeback:             0 kB
AnonPages:        379224 kB
Mapped:           176900 kB
Shmem:               160 kB
Slab:            3122452 kB
SReclaimable:    2658948 kB
SUnreclaim:       463504 kB
KernelStack:       20432 kB
PageTables:        27776 kB
NFS_Unstable:          0 kB
Bounce:                0 kB
WritebackTmp:          0 kB
CommitLimit:    404005540 kB
Committed_AS:   21942744 kB
VmallocTotal:   34359738367 kB
VmallocUsed:           0 kB
VmallocChunk:          0 kB
HardwareCorrupted:     0 kB
AnonHugePages:         0 kB
ShmemHugePages:        0 kB
ShmemPmdMapped:        0 kB
CmaTotal:              0 kB
CmaFree:               0 kB
HugePages_Total:       0
HugePages_Free:        0
HugePages_Rsvd:        0
HugePages_Surp:        0
Hugepagesize:       2048 kB
DirectMap4k:     5788852 kB
DirectMap2M:    629286912 kB
DirectMap1G:    170917888 kB
